// Jest Snapshot v1, https://goo.gl/fbAQLP

exports[`GifExpertApp testing - Normal function of it Should match with the snapshot 1`] = `
<Fragment>
  <h2>
    GifExpertApp
  </h2>
  <AddCategory
    setCategories={[Function]}
  />
  <hr />
  <ol />
</Fragment>
`;
