// Jest Snapshot v1, https://goo.gl/fbAQLP

exports[`Testing into the component AddCategory.jsx -- <AddCategory /> Should show it correctly 1`] = `
<form
  onSubmit={[Function]}
>
  <input
    onChange={[Function]}
    type="text"
    value="Hola Mundo"
  />
</form>
`;
